
    type    code    pin_pathname
    ----   ------   ------------------------------------
      0    DS       /q1_reg/D
      0    EQ       /D
      1    DS       /D
      1    EQ       /q1_reg/D
      0    DS       /Q_reg/D
      0    EQ       /g25__2398/ZN
      0    EQ       /g25__2398/A1
      0    EQ       /g25__2398/A2
      0    EQ       /in
      1    DS       /in
      1    EQ       /g25__2398/A2
      0    DS       /Q_reg/SI
      0    EQ       /tessent_persistent_cell_buf_extsi2_i/Z
      0    EQ       /tessent_persistent_cell_buf_extsi2_i/A
      0    EQ       /ts_si[0]
      1    DS       /tessent_persistent_cell_buf_extsi2_i/Z
      1    EQ       /tessent_persistent_cell_buf_extsi2_i/A
      1    EQ       /ts_si[0]
      1    EQ       /Q_reg/SI
      0    DS       /scan_en
      1    DS       /scan_en
      0    DS       /Q_reg/Q
      1    DS       /Q_reg/Q
      0    DS       /q1_reg/Q
      1    DS       /q1_reg/Q
      1    DS       /g25__2398/ZN
      1    EQ       /Q_reg/D
      1    DS       /g25__2398/A1
      0    DS       /Q_reg/SE
      1    DS       /Q_reg/SE
      0    DS       /ts_so[0]
      0    EQ       /ts_lockup_latchp_clkc1_intno1_i/Q
      1    DS       /ts_so[0]
      1    EQ       /ts_lockup_latchp_clkc1_intno1_i/Q
      1    DS       /ts_lockup_latchp_clkc1_intno1_i/CLK
      0    DS       /ts_lockup_latchp_clkc1_intno1_i/D
      1    DS       /ts_lockup_latchp_clkc1_intno1_i/D
      0    DS       /Q
      1    DS       /Q
