
    type    code    pin_pathname
    ----   ------   ------------------------------------
      0    DI.CLK   /CK
      1    DI.CLK   /CK
      0    DS       /G0
      1    DS       /G0
      0    DS       /G1
      0    EQ       /g1283__5526/A
      1    DS       /G1
      1    EQ       /g1283__5526/A
      0    DS       /G2
      0    EQ       /g1281__3680/A
      1    DS       /G2
      1    EQ       /g1281__3680/A
      0    DS       /DFF_12_q_reg/SI
      0    EQ       /tessent_persistent_cell_buf_extsi20_i/Z
      0    EQ       /tessent_persistent_cell_buf_extsi20_i/A
      0    EQ       /ts_si[6]
      1    DS       /tessent_persistent_cell_buf_extsi20_i/Z
      1    EQ       /tessent_persistent_cell_buf_extsi20_i/A
      1    EQ       /ts_si[6]
      1    EQ       /DFF_12_q_reg/SI
      0    DS       /DFF_2_q_reg/SI
      0    EQ       /tessent_persistent_cell_buf_extsi19_i/Z
      0    EQ       /tessent_persistent_cell_buf_extsi19_i/A
      0    EQ       /ts_si[5]
      1    DS       /tessent_persistent_cell_buf_extsi19_i/Z
      1    EQ       /tessent_persistent_cell_buf_extsi19_i/A
      1    EQ       /ts_si[5]
      1    EQ       /DFF_2_q_reg/SI
      0    DS       /DFF_11_q_reg/SI
      0    EQ       /tessent_persistent_cell_buf_extsi18_i/Z
      0    EQ       /tessent_persistent_cell_buf_extsi18_i/A
      0    EQ       /ts_si[4]
      1    DS       /tessent_persistent_cell_buf_extsi18_i/Z
      1    EQ       /tessent_persistent_cell_buf_extsi18_i/A
      1    EQ       /ts_si[4]
      1    EQ       /DFF_11_q_reg/SI
      0    DS       /DFF_4_q_reg/SI
      0    EQ       /tessent_persistent_cell_buf_extsi17_i/Z
      0    EQ       /tessent_persistent_cell_buf_extsi17_i/A
      0    EQ       /ts_si[3]
      1    DS       /tessent_persistent_cell_buf_extsi17_i/Z
      1    EQ       /tessent_persistent_cell_buf_extsi17_i/A
      1    EQ       /ts_si[3]
      1    EQ       /DFF_4_q_reg/SI
      0    DS       /DFF_5_q_reg/SI
      0    EQ       /tessent_persistent_cell_buf_extsi16_i/Z
      0    EQ       /tessent_persistent_cell_buf_extsi16_i/A
      0    EQ       /ts_si[2]
      1    DS       /tessent_persistent_cell_buf_extsi16_i/Z
      1    EQ       /tessent_persistent_cell_buf_extsi16_i/A
      1    EQ       /ts_si[2]
      1    EQ       /DFF_5_q_reg/SI
      0    DS       /DFF_9_q_reg/SI
      0    EQ       /tessent_persistent_cell_buf_extsi15_i/Z
      0    EQ       /tessent_persistent_cell_buf_extsi15_i/A
      0    EQ       /ts_si[1]
      1    DS       /tessent_persistent_cell_buf_extsi15_i/Z
      1    EQ       /tessent_persistent_cell_buf_extsi15_i/A
      1    EQ       /ts_si[1]
      1    EQ       /DFF_9_q_reg/SI
      0    DS       /DFF_3_q_reg/SI
      0    EQ       /tessent_persistent_cell_buf_extsi14_i/Z
      0    EQ       /tessent_persistent_cell_buf_extsi14_i/A
      0    EQ       /ts_si[0]
      1    DS       /tessent_persistent_cell_buf_extsi14_i/Z
      1    EQ       /tessent_persistent_cell_buf_extsi14_i/A
      1    EQ       /ts_si[0]
      1    EQ       /DFF_3_q_reg/SI
      0    DS       /scan_en
      1    DS       /scan_en
      0    DS       /DFF_3_q_reg/QN
      1    DS       /DFF_3_q_reg/QN
      0    DS       /DFF_3_q_reg/Q
      1    DS       /DFF_3_q_reg/Q
      0    UU       /DFF_10_q_reg/QN
      1    UU       /DFF_10_q_reg/QN
      0    DS       /DFF_10_q_reg/Q
      1    DS       /DFF_10_q_reg/Q
      0    UU       /DFF_9_q_reg/QN
      1    UU       /DFF_9_q_reg/QN
      0    DS       /DFF_9_q_reg/Q
      1    DS       /DFF_9_q_reg/Q
      0    UU       /DFF_6_q_reg/QN
      1    UU       /DFF_6_q_reg/QN
      0    DS       /DFF_6_q_reg/Q
      1    DS       /DFF_6_q_reg/Q
      0    DS       /DFF_5_q_reg/QN
      1    DS       /DFF_5_q_reg/QN
      0    DS       /DFF_5_q_reg/Q
      1    DS       /DFF_5_q_reg/Q
      0    UU       /DFF_7_q_reg/QN
      1    UU       /DFF_7_q_reg/QN
      0    DS       /DFF_7_q_reg/Q
      1    DS       /DFF_7_q_reg/Q
      0    DS       /DFF_4_q_reg/QN
      1    DS       /DFF_4_q_reg/QN
      0    DS       /DFF_4_q_reg/Q
      1    DS       /DFF_4_q_reg/Q
      0    UU       /DFF_8_q_reg/QN
      1    UU       /DFF_8_q_reg/QN
      0    DS       /DFF_8_q_reg/Q
      1    DS       /DFF_8_q_reg/Q
      0    UU       /DFF_11_q_reg/QN
      1    UU       /DFF_11_q_reg/QN
      0    DS       /DFF_11_q_reg/Q
      1    DS       /DFF_11_q_reg/Q
      0    DS       /DFF_1_q_reg/QN
      1    DS       /DFF_1_q_reg/QN
      0    DS       /DFF_1_q_reg/Q
      1    DS       /DFF_1_q_reg/Q
      0    DS       /DFF_2_q_reg/QN
      1    DS       /DFF_2_q_reg/QN
      0    DS       /DFF_13_q_reg/SI
      0    EQ       /DFF_2_q_reg/Q
      1    DS       /DFF_2_q_reg/Q
      1    EQ       /DFF_13_q_reg/SI
      0    UU       /DFF_13_q_reg/QN
      1    UU       /DFF_13_q_reg/QN
      0    DS       /DFF_13_q_reg/Q
      1    DS       /DFF_13_q_reg/Q
      0    UU       /DFF_12_q_reg/QN
      1    UU       /DFF_12_q_reg/QN
      0    DS       /DFF_12_q_reg/Q
      1    DS       /DFF_12_q_reg/Q
      1    DS       /g1295__2802/ZN
      0    EQ       /g1295__2802/A2
      0    EQ       /g1295__2802/A1
      0    EQ       /DFF_0_q_reg/QN
      0    EQ       /g1307/ZN
      1    EQ       /g1307/A
      1    DS       /DFF_0_q_reg/QN
      1    EQ       /g1295__2802/A2
      0    DS       /DFF_0_q_reg/Q
      1    DS       /DFF_0_q_reg/Q
      0    DI.CLK   /DFF_5_q_reg/CK
      1    DI.CLK   /DFF_5_q_reg/CK
      0    DI.CLK   /DFF_6_q_reg/CK
      1    DI.CLK   /DFF_6_q_reg/CK
      0    DI.CLK   /DFF_9_q_reg/CK
      1    DI.CLK   /DFF_9_q_reg/CK
      0    DI.CLK   /DFF_10_q_reg/CK
      1    DI.CLK   /DFF_10_q_reg/CK
      0    DI.CLK   /DFF_3_q_reg/CK
      1    DI.CLK   /DFF_3_q_reg/CK
      1    DS       /g1307/ZN
      0    EQ       /g1307/A
      1    EQ       /g1295__2802/A1
      0    DS       /g1283__5526/ZN
      0    EQ       /g1262__2883/A1
      0    DS       /DFF_13_q_reg/D
      0    EQ       /g1262__2883/ZN
      1    EQ       /g1262__2883/A1
      1    EQ       /g1262__2883/A2
      1    EQ       /g1283__5526/ZN
      0    DS       /g1283__5526/B
      1    DS       /g1283__5526/B
      0    DS       /g1281__3680/ZN
      0    EQ       /g1265__5477/A1
      0    DS       /DFF_12_q_reg/D
      0    EQ       /g1265__5477/ZN
      1    EQ       /g1265__5477/A1
      1    EQ       /g1265__5477/A2
      1    EQ       /g1281__3680/ZN
      0    DS       /g1281__3680/B
      1    DS       /g1281__3680/B
      0    DS       /DFF_0_q_reg/SE
      1    DS       /DFF_0_q_reg/SE
      0    DS       /DFF_12_q_reg/SE
      1    DS       /DFF_12_q_reg/SE
      0    DS       /DFF_13_q_reg/SE
      1    DS       /DFF_13_q_reg/SE
      0    DS       /DFF_2_q_reg/SE
      1    DS       /DFF_2_q_reg/SE
      0    DS       /DFF_1_q_reg/SE
      1    DS       /DFF_1_q_reg/SE
      0    DS       /DFF_11_q_reg/SE
      1    DS       /DFF_11_q_reg/SE
      0    DS       /DFF_8_q_reg/SE
      1    DS       /DFF_8_q_reg/SE
      0    DS       /DFF_4_q_reg/SE
      1    DS       /DFF_4_q_reg/SE
      0    DS       /DFF_7_q_reg/SE
      1    DS       /DFF_7_q_reg/SE
      0    DS       /DFF_5_q_reg/SE
      1    DS       /DFF_5_q_reg/SE
      0    DS       /DFF_6_q_reg/SE
      1    DS       /DFF_6_q_reg/SE
      0    DS       /DFF_9_q_reg/SE
      1    DS       /DFF_9_q_reg/SE
      0    DS       /DFF_10_q_reg/SE
      1    DS       /DFF_10_q_reg/SE
      0    DS       /DFF_3_q_reg/SE
      1    DS       /DFF_3_q_reg/SE
      0    DS       /g1293__6131/ZN
      1    DS       /g1293__6131/ZN
      0    EQ       /g1293__6131/A1
      0    EQ       /g1293__6131/A2
      1    DS       /g1293__6131/A1
      1    DS       /g1293__6131/A2
      0    DS       /g1289__8246/ZN
      0    EQ       /g1289__8246/A1
      0    EQ       /g1289__8246/A2
      1    DS       /g1289__8246/ZN
      1    DS       /g1289__8246/A1
      1    DS       /g1289__8246/A2
      0    DS       /g1288__5122/ZN
      1    DS       /g1288__5122/ZN
      0    EQ       /g1288__5122/A1
      0    EQ       /g1288__5122/A2
      1    DS       /g1288__5122/A1
      1    DS       /g1288__5122/A2
      0    DS       /g1284__6783/ZN
      1    EQ       /g1284__6783/A2
      1    EQ       /g1284__6783/A1
      1    EQ       /g1284__6783/A3
      1    DS       /g1284__6783/ZN
      0    DS       /g1284__6783/A2
      0    DS       /g1284__6783/A1
      0    DS       /g1284__6783/A3
      0    DS       /g1275__4319/B1
      0    EQ       /g1275__4319/B2
      1    DS       /g1275__4319/B1
      1    DS       /g1275__4319/B2
      0    DS       /g1267__4733/B1
      0    EQ       /g1267__4733/B2
      1    DS       /g1267__4733/B1
      1    DS       /g1267__4733/B2
      0    DS       /DFF_10_q_reg/SI
      1    DS       /DFF_10_q_reg/SI
      0    DS       /DFF_6_q_reg/SI
      1    DS       /DFF_6_q_reg/SI
      0    DS       /g1285__6260/ZN
      0    EQ       /g1285__6260/A1
      0    EQ       /g1285__6260/A3
      0    EQ       /g1285__6260/A2
      1    DS       /g1285__6260/ZN
      1    DS       /g1285__6260/A1
      1    DS       /g1285__6260/A3
      1    DS       /g1285__6260/A2
      0    DS       /g1277__8428/ZN
      1    EQ       /g1277__8428/A1
      1    EQ       /g1277__8428/A2
      1    DS       /g1277__8428/ZN
      0    DS       /g1277__8428/A1
      0    DS       /g1277__8428/A2
      0    DS       /g1275__4319/ZN
      1    EQ       /g1275__4319/A
      0    EQ       /g1257__7098/B1
      1    DS       /g1257__7098/B2
      1    EQ       /g1257__7098/B1
      1    EQ       /g1275__4319/ZN
      0    DS       /g1275__4319/A
      0    DS       /DFF_7_q_reg/SI
      1    DS       /DFF_7_q_reg/SI
      0    DS       /g1249__1617/C2
      0    EQ       /g1249__1617/C1
      1    DS       /g1249__1617/C2
      1    DS       /g1249__1617/C1
      0    DS       /g1243__3680/B1
      0    EQ       /g1243__3680/B2
      0    EQ       /g1282__1705/ZN
      0    EQ       /g1282__1705/A3
      0    EQ       /g1282__1705/A2
      0    EQ       /g1282__1705/A1
      1    DS       /g1282__1705/ZN
      1    EQ       /g1243__3680/B1
      1    DS       /g1282__1705/A3
      1    DS       /g1282__1705/A2
      1    DS       /g1282__1705/A1
      0    DS       /g1271__6417/ZN
      1    DS       /g1271__6417/ZN
      0    EQ       /g1271__6417/A2
      0    EQ       /g1271__6417/A1
      0    EQ       /g1271__6417/A3
      1    DS       /g1271__6417/A2
      1    DS       /g1271__6417/A1
      1    DS       /g1271__6417/A3
      0    DS       /DFF_8_q_reg/SI
      1    DS       /DFF_8_q_reg/SI
      0    DS       /g3/B2
      0    EQ       /g3/B1
      1    DS       /g3/B2
      1    DS       /g3/B1
      1    DS       /g1258__1705/ZN
      0    EQ       /g1258__1705/A
      0    EQ       /g1261__5115/ZN
      1    EQ       /DFF_11_q_reg/D
      1    DS       /g1261__5115/ZN
      0    EQ       /g1261__5115/A2
      0    EQ       /g1261__5115/A1
      1    EQ       /g1258__1705/A
      1    DS       /g1261__5115/A2
      1    DS       /g1261__5115/A1
      0    DS       /DFF_1_q_reg/SI
      1    DS       /DFF_1_q_reg/SI
      0    DS       /g1287__1881/ZN
      1    DS       /g1287__1881/ZN
      0    EQ       /g1287__1881/A2
      0    EQ       /g1287__1881/A1
      1    DS       /g1287__1881/A2
      1    DS       /g1287__1881/A1
      0    DS       /g1292__7098/ZN
      0    EQ       /g1258__1705/B2
      1    DS       /g1258__1705/B1
      1    EQ       /g1258__1705/B2
      1    EQ       /g1292__7098/ZN
      1    EQ       /g1292__7098/A1
      1    EQ       /g1292__7098/A2
      0    DS       /g1292__7098/A1
      0    DS       /g1292__7098/A2
      0    DS       /g1276__2398/B1
      0    EQ       /g1276__2398/B2
      1    DS       /g1276__2398/B1
      1    DS       /g1276__2398/B2
      0    DS       /g1249__1617/B1
      0    EQ       /g1249__1617/B2
      1    DS       /g1249__1617/B1
      1    DS       /g1249__1617/B2
      0    DS       /g1294__1617/ZN
      1    DS       /g1294__1617/ZN
      0    EQ       /g1294__1617/A2
      0    EQ       /g1294__1617/A1
      1    DS       /g1294__1617/A2
      1    DS       /g1294__1617/A1
      0    DS       /g1278__5107/ZN
      1    DS       /g1278__5107/ZN
      0    EQ       /g1278__5107/A2
      0    EQ       /g1278__5107/A1
      1    DS       /g1278__5107/A2
      1    DS       /g1278__5107/A1
      0    DS       /g1270__7410/ZN
      0    EQ       /g1254__1881/A2
      0    DS       /DFF_2_q_reg/D
      0    EQ       /g1254__1881/ZN
      1    EQ       /g1254__1881/A1
      1    EQ       /g1254__1881/A2
      1    EQ       /g1270__7410/ZN
      0    DS       /g1270__7410/A
      1    DS       /g1270__7410/A
      0    DS       /g1270__7410/B
      1    DS       /g1270__7410/B
      0    DS       /DFF_0_q_reg/SI
      1    DS       /DFF_0_q_reg/SI
      0    DS       /g1243__3680/A1
      0    EQ       /g1243__3680/A2
      0    EQ       /g1268__6161/ZN
      1    DS       /g1268__6161/ZN
      1    EQ       /g1268__6161/A2
      1    EQ       /g1268__6161/A1
      1    EQ       /g1268__6161/A3
      1    EQ       /g1243__3680/A1
      0    DS       /g1268__6161/A2
      0    DS       /g1268__6161/A1
      0    DS       /g1268__6161/A3
      0    DS       /g1295__2802/ZN
      0    DS       /g1257__7098/B2
      0    DI.CLK   /DFF_0_q_reg/CK
      1    DI.CLK   /DFF_0_q_reg/CK
      0    DI.CLK   /DFF_12_q_reg/CK
      1    DI.CLK   /DFF_12_q_reg/CK
      0    DI.CLK   /DFF_13_q_reg/CK
      1    DI.CLK   /DFF_13_q_reg/CK
      0    DI.CLK   /DFF_2_q_reg/CK
      1    DI.CLK   /DFF_2_q_reg/CK
      0    DI.CLK   /DFF_1_q_reg/CK
      1    DI.CLK   /DFF_1_q_reg/CK
      0    DI.CLK   /DFF_11_q_reg/CK
      1    DI.CLK   /DFF_11_q_reg/CK
      0    DI.CLK   /DFF_8_q_reg/CK
      1    DI.CLK   /DFF_8_q_reg/CK
      0    DI.CLK   /DFF_4_q_reg/CK
      1    DI.CLK   /DFF_4_q_reg/CK
      0    DI.CLK   /DFF_7_q_reg/CK
      1    DI.CLK   /DFF_7_q_reg/CK
      1    DS       /g1262__2883/ZN
      1    EQ       /DFF_13_q_reg/D
      0    DS       /g1262__2883/A2
      1    DS       /g1265__5477/ZN
      1    EQ       /DFF_12_q_reg/D
      0    DS       /g1265__5477/A2
      1    DS       /g1259__6131/ZN
      0    EQ       /g1259__6131/A
      0    EQ       /g1269__2346/ZN
      1    EQ       /DFF_1_q_reg/D
      1    DS       /g1269__2346/ZN
      1    EQ       /g1269__2346/A2
      1    EQ       /g1269__2346/A1
      1    EQ       /g1269__2346/A3
      1    EQ       /g1259__6131/A
      0    DS       /g1269__2346/A2
      0    DS       /g1269__2346/A1
      0    DS       /g1269__2346/A3
      1    DS       /g1243__3680/B2
      1    DS       /g1273/ZN
      0    EQ       /g1273/A
      0    EQ       /g1276__2398/ZN
      1    EQ       /g1276__2398/A
      1    EQ       /g1253__8246/C1
      0    DS       /g1253__8246/C2
      0    EQ       /g1253__8246/C1
      0    EQ       /g1273/ZN
      1    EQ       /g1273/A
      1    EQ       /g1276__2398/ZN
      0    DS       /g1276__2398/A
      0    DS       /g1253__8246/B1
      0    EQ       /g1253__8246/B2
      1    DS       /g1253__8246/B1
      1    DS       /g1253__8246/B2
      0    DS       /g1280/ZN
      1    EQ       /g1280/A
      1    DS       /g1280/ZN
      0    EQ       /g1280/A
      1    DS       /g1232__5107/ZN
      0    EQ       /g1232__5107/A
      0    EQ       /g1232__5107/B
      0    EQ       /g1264__9315/ZN
      1    EQ       /DFF_10_q_reg/D
      1    DS       /g1264__9315/ZN
      0    EQ       /g1264__9315/A2
      0    EQ       /g1264__9315/A1
      1    EQ       /g1232__5107/A
      1    DS       /g1264__9315/A2
      1    DS       /g1264__9315/A1
      0    DS       /g1242__6783/B2
      0    EQ       /g1242__6783/B1
      1    DS       /g1242__6783/B2
      1    DS       /g1242__6783/B1
      0    DS       /g1241__4319/C2
      0    EQ       /g1241__4319/C1
      1    DS       /g1241__4319/C2
      1    DS       /g1241__4319/C1
      0    DS       /g1274/ZN
      1    EQ       /g1274/A
      0    EQ       /g1266__9945/A1
      0    DS       /g1266__9945/ZN
      1    EQ       /g1266__9945/A1
      1    EQ       /g1266__9945/A2
      1    EQ       /g1274/ZN
      0    EQ       /g1274/A
      0    DS       /g1257__7098/ZN
      0    EQ       /g1241__4319/A
      1    DS       /g1238/ZN
      0    EQ       /g1238/A
      0    EQ       /g1241__4319/ZN
      1    EQ       /g1241__4319/B
      1    EQ       /g1241__4319/A
      1    EQ       /g1257__7098/ZN
      0    EQ       /g1257__7098/A
      1    EQ       /DFF_9_q_reg/D
      1    DS       /g1257__7098/A
      0    DS       /g1272__1666/B1
      0    EQ       /g1272__1666/B2
      0    EQ       /g1286/ZN
      1    EQ       /g1286/A
      1    DS       /g1286/ZN
      0    EQ       /g1286/A
      1    EQ       /g1272__1666/B1
      0    DS       /g1258__1705/B1
      0    DS       /g1267__4733/A1
      0    EQ       /g1267__4733/A2
      0    EQ       /g1290/ZN
      1    EQ       /g1290/A
      1    DS       /g1290/ZN
      0    EQ       /g1290/A
      1    EQ       /g1267__4733/A1
      1    DS       /g1254__1881/ZN
      1    EQ       /DFF_2_q_reg/D
      0    AU       /g1254__1881/A1
      1    DS       /g1243__3680/A2
      0    DS       /DFF_0_q_reg/D
      0    EQ       /g1291/ZN
      1    EQ       /g1291/A
      1    DS       /g1291/ZN
      0    EQ       /g1291/A
      1    EQ       /DFF_0_q_reg/D
      0    DS       /g1259__6131/B1
      1    DS       /g1259__6131/B1
      1    EQ       /g1259__6131/B2
      0    DS       /g1259__6131/B2
      0    DS       /g1233__2398/B1
      1    DS       /g1233__2398/B1
      1    EQ       /g1233__2398/B2
      0    DS       /g1233__2398/B2
      0    DS       /DFF_1_q_reg/D
      0    EQ       /g1259__6131/ZN
      0    DS       /g1243__3680/ZN
      1    DS       /g1243__3680/ZN
      1    DS       /g1266__9945/ZN
      0    DS       /g1266__9945/A2
      1    DS       /g1272__1666/B2
      0    DS       /DFF_11_q_reg/D
      0    EQ       /g1258__1705/ZN
      1    DS       /g1267__4733/A2
      0    DS       /DFF_5_q_reg/D
      0    EQ       /g1240__6260/ZN
      1    EQ       /g1240__6260/A1
      1    EQ       /g1240__6260/A2
      1    DS       /g1240__6260/ZN
      1    EQ       /DFF_5_q_reg/D
      0    DS       /g1240__6260/A1
      0    DS       /g1240__6260/A2
      0    DS       /g1232__5107/C2
      1    DS       /g1232__5107/C2
      1    EQ       /g1232__5107/C1
      0    DS       /g1232__5107/C1
      1    DS       /g1253__8246/C2
      1    DS       /g2/ZN
      0    EQ       /g2/A1
      0    EQ       /g2/A2
      0    EQ       /g3/ZN
      1    EQ       /g3/A
      1    EQ       /DFF_8_q_reg/D
      1    DS       /g3/ZN
      1    EQ       /g2/A1
      0    DS       /g3/A
      0    DS       /g1249__1617/A
      1    DS       /g1247/ZN
      0    EQ       /g1247/A
      0    EQ       /g1249__1617/ZN
      1    EQ       /g1249__1617/A
      1    EQ       /DFF_7_q_reg/D
      0    DS       /g1272__1666/ZN
      1    EQ       /g1272__1666/A
      0    EQ       /g1250__5122/A
      1    DS       /g1272__1666/ZN
      1    EQ       /g1250__5122/A
      0    DS       /g1272__1666/A
      0    DS       /g1267__4733/ZN
      0    EQ       /g1251__2802/B1
      1    DS       /g1251__2802/B1
      1    EQ       /g1251__2802/B2
      1    EQ       /g1267__4733/ZN
      0    DS       /DFF_10_q_reg/D
      0    EQ       /g1232__5107/ZN
      1    DS       /g1232__5107/B
      0    DS       /g1253__8246/A
      0    DS       /g1253__8246/ZN
      1    EQ       /g1253__8246/A
      0    DS       /DFF_8_q_reg/D
      0    EQ       /g2/ZN
      1    DS       /g2/A2
      0    DS       /DFF_7_q_reg/D
      0    EQ       /g1247/ZN
      1    EQ       /g1247/A
      1    EQ       /g1249__1617/ZN
      0    DS       /g1250__5122/ZN
      0    EQ       /g1235__8428/A1
      0    DS       /DFF_4_q_reg/D
      0    EQ       /g1235__8428/ZN
      1    EQ       /g1235__8428/A1
      1    EQ       /g1235__8428/A2
      1    EQ       /g1250__5122/ZN
      0    DS       /g1250__5122/B
      1    DS       /g1250__5122/B
      0    DS       /g1251__2802/B2
      1    DS       /g1253__8246/ZN
      1    DS       /g1235__8428/ZN
      1    EQ       /DFF_4_q_reg/D
      0    DS       /g1235__8428/A2
      1    DS       /g1233__2398/A1
      1    EQ       /g1233__2398/A2
      1    EQ       /g1248/ZN
      0    EQ       /g1248/A
      0    EQ       /g1251__2802/ZN
      0    DS       /g1248/ZN
      1    EQ       /g1248/A
      1    EQ       /g1251__2802/ZN
      0    EQ       /g1251__2802/A
      0    EQ       /g1233__2398/A2
      1    DS       /g1251__2802/A
      1    DS       /g1239/ZN
      0    EQ       /g1239/A
      0    EQ       /g1242__6783/ZN
      1    EQ       /g1242__6783/A
      1    EQ       /DFF_6_q_reg/D
      0    DS       /DFF_6_q_reg/D
      0    EQ       /g1239/ZN
      1    EQ       /g1239/A
      1    EQ       /g1242__6783/ZN
      0    DS       /g1242__6783/A
      0    DS       /DFF_9_q_reg/D
      0    EQ       /g1238/ZN
      1    EQ       /g1238/A
      1    EQ       /g1241__4319/ZN
      0    DS       /g1241__4319/B
      0    DS       /g1233__2398/A1
      0    DS       /DFF_3_q_reg/D
      0    EQ       /g1233__2398/ZN
      1    DS       /g1233__2398/ZN
      1    EQ       /DFF_3_q_reg/D
      0    DS       /ts_so[0]
      0    EQ       /ts_lockup_latchp_clkc1_intno1_i/Q
      1    DS       /ts_so[0]
      1    EQ       /ts_lockup_latchp_clkc1_intno1_i/Q
      0    DI.CLK   /ts_lockup_latchp_clkc1_intno1_i/CLK
      1    DS       /ts_lockup_latchp_clkc1_intno1_i/CLK
      0    DS       /ts_lockup_latchp_clkc1_intno1_i/D
      1    DS       /ts_lockup_latchp_clkc1_intno1_i/D
      0    DS       /ts_so[1]
      0    EQ       /ts_lockup_latchp_clkc2_intno3_i/Q
      1    DS       /ts_so[1]
      1    EQ       /ts_lockup_latchp_clkc2_intno3_i/Q
      0    DI.CLK   /ts_lockup_latchp_clkc2_intno3_i/CLK
      1    DS       /ts_lockup_latchp_clkc2_intno3_i/CLK
      0    DS       /ts_lockup_latchp_clkc2_intno3_i/D
      1    DS       /ts_lockup_latchp_clkc2_intno3_i/D
      0    DS       /ts_so[2]
      0    EQ       /ts_lockup_latchp_clkc3_intno5_i/Q
      1    DS       /ts_so[2]
      1    EQ       /ts_lockup_latchp_clkc3_intno5_i/Q
      0    DI.CLK   /ts_lockup_latchp_clkc3_intno5_i/CLK
      1    DS       /ts_lockup_latchp_clkc3_intno5_i/CLK
      0    DS       /ts_lockup_latchp_clkc3_intno5_i/D
      1    DS       /ts_lockup_latchp_clkc3_intno5_i/D
      0    DS       /ts_so[3]
      0    EQ       /ts_lockup_latchp_clkc4_intno7_i/Q
      1    DS       /ts_so[3]
      1    EQ       /ts_lockup_latchp_clkc4_intno7_i/Q
      0    DI.CLK   /ts_lockup_latchp_clkc4_intno7_i/CLK
      1    DS       /ts_lockup_latchp_clkc4_intno7_i/CLK
      0    DS       /ts_lockup_latchp_clkc4_intno7_i/D
      1    DS       /ts_lockup_latchp_clkc4_intno7_i/D
      0    DS       /ts_so[4]
      0    EQ       /ts_lockup_latchp_clkc5_intno9_i/Q
      1    DS       /ts_so[4]
      1    EQ       /ts_lockup_latchp_clkc5_intno9_i/Q
      0    DI.CLK   /ts_lockup_latchp_clkc5_intno9_i/CLK
      1    DS       /ts_lockup_latchp_clkc5_intno9_i/CLK
      0    DS       /ts_lockup_latchp_clkc5_intno9_i/D
      1    DS       /ts_lockup_latchp_clkc5_intno9_i/D
      0    DS       /ts_so[5]
      0    EQ       /ts_lockup_latchp_clkc6_intno11_i/Q
      1    DS       /ts_so[5]
      1    EQ       /ts_lockup_latchp_clkc6_intno11_i/Q
      0    DI.CLK   /ts_lockup_latchp_clkc6_intno11_i/CLK
      1    DS       /ts_lockup_latchp_clkc6_intno11_i/CLK
      0    DS       /ts_lockup_latchp_clkc6_intno11_i/D
      1    DS       /ts_lockup_latchp_clkc6_intno11_i/D
      0    DS       /ts_so[6]
      0    EQ       /ts_lockup_latchp_clkc7_intno13_i/Q
      1    DS       /ts_so[6]
      1    EQ       /ts_lockup_latchp_clkc7_intno13_i/Q
      0    DI.CLK   /ts_lockup_latchp_clkc7_intno13_i/CLK
      1    DS       /ts_lockup_latchp_clkc7_intno13_i/CLK
      0    DS       /ts_lockup_latchp_clkc7_intno13_i/D
      1    DS       /ts_lockup_latchp_clkc7_intno13_i/D
      0    DS       /G117
      1    DS       /G117
      0    DS       /G118
      1    DS       /G118
      0    DS       /G132
      1    DS       /G132
      0    DS       /G133
      1    DS       /G133
      0    DS       /G66
      1    DS       /G66
      0    DS       /G67
      1    DS       /G67
