//
//  pattern #        type        cycles  loads  observe_proc  capture_proc  capture_clock_sequence   
//  ---------  ----------------  ------  -----  ------------  ------------  ----------------------   
//        0    clock_sequential     4      0         -             -        [CK] [CK] [CK] [-]       
//        1    clock_sequential     3      0         -             -        [CK] [CK] [-]            
//        2    clock_sequential     3      0         -             -        [CK] [CK] [-]            
//        3    clock_sequential     5      0         -             -        [CK] [CK] [CK] [CK] [-]  
//        4    clock_sequential     3      0         -             -        [CK] [CK] [-]            
//        5    clock_sequential     4      0         -             -        [CK] [CK] [CK] [-]       
//        6    clock_sequential     3      0         -             -        [CK] [CK] [-]            
//        7    clock_sequential     4      0         -             -        [CK] [CK] [CK] [-]       
//        8    clock_sequential     5      0         -             -        [CK] [CK] [CK] [CK] [-]  
//        9    clock_sequential     3      0         -             -        [CK] [CK] [-]            
//       10    clock_sequential     4      0         -             -        [CK] [CK] [CK] [-]       
//       11    clock_sequential     3      0         -             -        [CK] [CK] [-]            
//       12    clock_sequential     5      0         -             -        [CK] [CK] [CK] [CK] [-]  
//       13    clock_sequential     5      0         -             -        [CK] [CK] [CK] [CK] [-]  
//       14    clock_sequential     5      0         -             -        [CK] [CK] [CK] [CK] [-]  
//       15    clock_sequential     5      0         -             -        [CK] [CK] [CK] [CK] [CK] 
//       16    clock_sequential     5      0         -             -        [CK] [CK] [CK] [CK] [-]  
//       17    clock_sequential     4      0         -             -        [CK] [CK] [CK] [-]       
//       18    clock_sequential     5      0         -             -        [CK] [CK] [CK] [CK] [-]  
//       19    clock_sequential     5      0         -             -        [CK] [CK] [CK] [CK] [-]  
//       20    clock_sequential     4      0         -             -        [CK] [CK] [CK] [-]       
//       21    clock_sequential     5      0         -             -        [CK] [CK] [CK] [CK] [-]  
//       22    clock_sequential     4      0         -             -        [CK] [CK] [CK] [-]       
//       23    clock_sequential     4      0         -             -        [CK] [CK] [CK] [-]       
//       24    clock_sequential     4      0         -             -        [CK] [CK] [CK] [-]       
//       25    clock_sequential     4      0         -             -        [CK] [CK] [CK] [-]       
//       26    clock_sequential     4      0         -             -        [CK] [CK] [CK] [CK]      
//       27    clock_sequential     4      0         -             -        [CK] [CK] [CK] [-]       
//       28    clock_sequential     5      0         -             -        [CK] [CK] [CK] [CK] [CK] 
//       29    clock_sequential     5      0         -             -        [CK] [CK] [CK] [CK] [CK] 
//       30    clock_sequential     4      0         -             -        [CK] [CK] [CK] [-]       
//       31    clock_sequential     5      0         -             -        [CK] [CK] [CK] [CK] [CK] 
//       32    clock_sequential     4      0         -             -        [CK] [CK] [CK] [-]       
//       33    clock_sequential     3      0         -             -        [CK] [CK] [-]            
//       34    clock_sequential     3      0         -             -        [CK] [CK] [-]            
//       35    clock_sequential     4      0         -             -        [CK] [CK] [CK] [-]       
//       36    clock_sequential     5      0         -             -        [CK] [CK] [CK] [CK] [-]  
//       37    clock_sequential     3      0         -             -        [CK] [CK] [-]            
//       38    clock_sequential     3      0         -             -        [CK] [CK] [-]            
//       39    clock_sequential     4      0         -             -        [CK] [CK] [CK] [-]       
//       40    clock_sequential     3      0         -             -        [CK] [CK] [-]            
//       41    clock_sequential     3      0         -             -        [CK] [CK] [-]            
//       42    clock_sequential     4      0         -             -        [CK] [CK] [CK] [-]       
//       43    clock_sequential     2      0         -             -        [CK] [-]                 
//       44    clock_sequential     2      0         -             -        [CK] [-]                 
//       45    clock_sequential     5      0         -             -        [CK] [CK] [CK] [CK] [-]  
//       46    clock_sequential     4      0         -             -        [CK] [CK] [CK] [-]       
//       47    clock_sequential     5      0         -             -        [CK] [CK] [CK] [CK] [CK] 
//       48    clock_sequential     5      0         -             -        [CK] [CK] [CK] [CK] [-]  
//       49    clock_sequential     5      0         -             -        [CK] [CK] [CK] [CK] [-]  
//       50    clock_sequential     4      0         -             -        [CK] [CK] [CK] [-]       
//       51    clock_sequential     5      0         -             -        [CK] [CK] [CK] [CK] [-]  
//
